⨯ ./src/app/page.tsx:1:1
Module not found: Can't resolve '@/components/dashboard-shell'
[31m[1m>[0m [90m1 |[0m [36mimport[0m { [33mDashboardShell[0m } [36mfrom[0m [32m"@/components/dashboard-shell"[0m;
  [90m  |[0m [31m[1m^^^^^^^^^^^^^^^^^^^^^^^^^^^^^^^^^^^^^^^^^^^^^^^^^^^^^^^^^^^^^^[0m
  [90m2 |[0m [36mimport[0m { getDashboardOverview } [36mfrom[0m [32m"@/lib/api"[0m;
  [90m3 |[0m [36mimport[0m [36mtype[0m { [33mDashboardOverview[0m } [36mfrom[0m [32m"@/lib/types"[0m;
  [90m4 |[0m

Import map: aliased to relative './src/components/dashboard-shell' inside of [project]/


https://nextjs.org/docs/messages/module-not-found


⨯ ./src/app/page.tsx:1:1
Module not found: Can't resolve '@/components/dashboard-shell'
[31m[1m>[0m [90m1 |[0m [36mimport[0m { [33mDashboardShell[0m } [36mfrom[0m [32m"@/components/dashboard-shell"[0m;
  [90m  |[0m [31m[1m^^^^^^^^^^^^^^^^^^^^^^^^^^^^^^^^^^^^^^^^^^^^^^^^^^^^^^^^^^^^^^[0m
  [90m2 |[0m [36mimport[0m { getDashboardOverview } [36mfrom[0m [32m"@/lib/api"[0m;
  [90m3 |[0m [36mimport[0m [36mtype[0m { [33mDashboardOverview[0m } [36mfrom[0m [32m"@/lib/types"[0m;
  [90m4 |[0m

Import map: aliased to relative './src/components/dashboard-shell' inside of [project]/


https://nextjs.org/docs/messages/module-not-found


⨯ ./src/app/page.tsx:1:1
Module not found: Can't resolve '@/components/dashboard-shell'
[31m[1m>[0m [90m1 |[0m [36mimport[0m { [33mDashboardShell[0m } [36mfrom[0m [32m"@/components/dashboard-shell"[0m;
  [90m  |[0m [31m[1m^^^^^^^^^^^^^^^^^^^^^^^^^^^^^^^^^^^^^^^^^^^^^^^^^^^^^^^^^^^^^^[0m
  [90m2 |[0m [36mimport[0m { getDashboardOverview } [36mfrom[0m [32m"@/lib/api"[0m;
  [90m3 |[0m [36mimport[0m [36mtype[0m { [33mDashboardOverview[0m } [36mfrom[0m [32m"@/lib/types"[0m;
  [90m4 |[0m

Import map: aliased to relative './src/components/dashboard-shell' inside of [project]/


https://nextjs.org/docs/messages/module-not-found


⨯ ./src/app/page.tsx:1:1
Module not found: Can't resolve '@/components/dashboard-shell'
[31m[1m>[0m [90m1 |[0m [36mimport[0m { [33mDashboardShell[0m } [36mfrom[0m [32m"@/components/dashboard-shell"[0m;
  [90m  |[0m [31m[1m^^^^^^^^^^^^^^^^^^^^^^^^^^^^^^^^^^^^^^^^^^^^^^^^^^^^^^^^^^^^^^[0m
  [90m2 |[0m [36mimport[0m { getDashboardOverview } [36mfrom[0m [32m"@/lib/api"[0m;
  [90m3 |[0m [36mimport[0m [36mtype[0m { [33mDashboardOverview[0m } [36mfrom[0m [32m"@/lib/types"[0m;
  [90m4 |[0m

Import map: aliased to relative './src/components/dashboard-shell' inside of [project]/


https://nextjs.org/docs/messages/module-not-found


⨯ ./src/app/page.tsx:1:1
Module not found: Can't resolve '@/components/dashboard-shell'
[31m[1m>[0m [90m1 |[0m [36mimport[0m { [33mDashboardShell[0m } [36mfrom[0m [32m"@/components/dashboard-shell"[0m;
  [90m  |[0m [31m[1m^^^^^^^^^^^^^^^^^^^^^^^^^^^^^^^^^^^^^^^^^^^^^^^^^^^^^^^^^^^^^^[0m
  [90m2 |[0m [36mimport[0m { getDashboardOverview } [36mfrom[0m [32m"@/lib/api"[0m;
  [90m3 |[0m [36mimport[0m [36mtype[0m { [33mDashboardOverview[0m } [36mfrom[0m [32m"@/lib/types"[0m;
  [90m4 |[0m

Import map: aliased to relative './src/components/dashboard-shell' inside of [project]/


https://nextjs.org/docs/messages/module-not-found


⨯ ./src/app/page.tsx:1:1
Module not found: Can't resolve '@/components/dashboard-shell'
[31m[1m>[0m [90m1 |[0m [36mimport[0m { [33mDashboardShell[0m } [36mfrom[0m [32m"@/components/dashboard-shell"[0m;
  [90m  |[0m [31m[1m^^^^^^^^^^^^^^^^^^^^^^^^^^^^^^^^^^^^^^^^^^^^^^^^^^^^^^^^^^^^^^[0m
  [90m2 |[0m [36mimport[0m { getDashboardOverview } [36mfrom[0m [32m"@/lib/api"[0m;
  [90m3 |[0m [36mimport[0m [36mtype[0m { [33mDashboardOverview[0m } [36mfrom[0m [32m"@/lib/types"[0m;
  [90m4 |[0m

Import map: aliased to relative './src/components/dashboard-shell' inside of [project]/


https://nextjs.org/docs/messages/module-not-found


⨯ ./src/app/page.tsx:1:1
Module not found: Can't resolve '@/components/dashboard-shell'
[31m[1m>[0m [90m1 |[0m [36mimport[0m { [33mDashboardShell[0m } [36mfrom[0m [32m"@/components/dashboard-shell"[0m;
  [90m  |[0m [31m[1m^^^^^^^^^^^^^^^^^^^^^^^^^^^^^^^^^^^^^^^^^^^^^^^^^^^^^^^^^^^^^^[0m
  [90m2 |[0m [36mimport[0m { getDashboardOverview } [36mfrom[0m [32m"@/lib/api"[0m;
  [90m3 |[0m [36mimport[0m [36mtype[0m { [33mDashboardOverview[0m } [36mfrom[0m [32m"@/lib/types"[0m;
  [90m4 |[0m

Import map: aliased to relative './src/components/dashboard-shell' inside of [project]/


https://nextjs.org/docs/messages/module-not-found


⨯ ./src/app/page.tsx:1:1
Module not found: Can't resolve '@/components/dashboard-shell'
[31m[1m>[0m [90m1 |[0m [36mimport[0m { [33mDashboardShell[0m } [36mfrom[0m [32m"@/components/dashboard-shell"[0m;
  [90m  |[0m [31m[1m^^^^^^^^^^^^^^^^^^^^^^^^^^^^^^^^^^^^^^^^^^^^^^^^^^^^^^^^^^^^^^[0m
  [90m2 |[0m [36mimport[0m { getDashboardOverview } [36mfrom[0m [32m"@/lib/api"[0m;
  [90m3 |[0m [36mimport[0m [36mtype[0m { [33mDashboardOverview[0m } [36mfrom[0m [32m"@/lib/types"[0m;
  [90m4 |[0m

Import map: aliased to relative './src/components/dashboard-shell' inside of [project]/


https://nextjs.org/docs/messages/module-not-found


⨯ ./src/app/page.tsx:1:1
Module not found: Can't resolve '@/components/dashboard-shell'
[31m[1m>[0m [90m1 |[0m [36mimport[0m { [33mDashboardShell[0m } [36mfrom[0m [32m"@/components/dashboard-shell"[0m;
  [90m  |[0m [31m[1m^^^^^^^^^^^^^^^^^^^^^^^^^^^^^^^^^^^^^^^^^^^^^^^^^^^^^^^^^^^^^^[0m
  [90m2 |[0m [36mimport[0m { getDashboardOverview } [36mfrom[0m [32m"@/lib/api"[0m;
  [90m3 |[0m [36mimport[0m [36mtype[0m { [33mDashboardOverview[0m } [36mfrom[0m [32m"@/lib/types"[0m;
  [90m4 |[0m

Import map: aliased to relative './src/components/dashboard-shell' inside of [project]/


https://nextjs.org/docs/messages/module-not-found


⨯ ./src/app/page.tsx:1:1
Module not found: Can't resolve '@/components/dashboard-shell'
[31m[1m>[0m [90m1 |[0m [36mimport[0m { [33mDashboardShell[0m } [36mfrom[0m [32m"@/components/dashboard-shell"[0m;
  [90m  |[0m [31m[1m^^^^^^^^^^^^^^^^^^^^^^^^^^^^^^^^^^^^^^^^^^^^^^^^^^^^^^^^^^^^^^[0m
  [90m2 |[0m [36mimport[0m { getDashboardOverview } [36mfrom[0m [32m"@/lib/api"[0m;
  [90m3 |[0m [36mimport[0m [36mtype[0m { [33mDashboardOverview[0m } [36mfrom[0m [32m"@/lib/types"[0m;
  [90m4 |[0m

Import map: aliased to relative './src/components/dashboard-shell' inside of [project]/


https://nextjs.org/docs/messages/module-not-found


⨯ ./src/app/page.tsx:1:1
Module not found: Can't resolve '@/components/dashboard-shell'
[31m[1m>[0m [90m1 |[0m [36mimport[0m { [33mDashboardShell[0m } [36mfrom[0m [32m"@/components/dashboard-shell"[0m;
  [90m  |[0m [31m[1m^^^^^^^^^^^^^^^^^^^^^^^^^^^^^^^^^^^^^^^^^^^^^^^^^^^^^^^^^^^^^^[0m
  [90m2 |[0m [36mimport[0m { getDashboardOverview } [36mfrom[0m [32m"@/lib/api"[0m;
  [90m3 |[0m [36mimport[0m [36mtype[0m { [33mDashboardOverview[0m } [36mfrom[0m [32m"@/lib/types"[0m;
  [90m4 |[0m

Import map: aliased to relative './src/components/dashboard-shell' inside of [project]/


https://nextjs.org/docs/messages/module-not-found


⨯ ./src/app/page.tsx:1:1
Module not found: Can't resolve '@/components/dashboard-shell'
[31m[1m>[0m [90m1 |[0m [36mimport[0m { [33mDashboardShell[0m } [36mfrom[0m [32m"@/components/dashboard-shell"[0m;
  [90m  |[0m [31m[1m^^^^^^^^^^^^^^^^^^^^^^^^^^^^^^^^^^^^^^^^^^^^^^^^^^^^^^^^^^^^^^[0m
  [90m2 |[0m [36mimport[0m { getDashboardOverview } [36mfrom[0m [32m"@/lib/api"[0m;
  [90m3 |[0m [36mimport[0m [36mtype[0m { [33mDashboardOverview[0m } [36mfrom[0m [32m"@/lib/types"[0m;
  [90m4 |[0m

Import map: aliased to relative './src/components/dashboard-shell' inside of [project]/


https://nextjs.org/docs/messages/module-not-found


⨯ ./src/app/page.tsx:1:1
Module not found: Can't resolve '@/components/dashboard-shell'
[31m[1m>[0m [90m1 |[0m [36mimport[0m { [33mDashboardShell[0m } [36mfrom[0m [32m"@/components/dashboard-shell"[0m;
  [90m  |[0m [31m[1m^^^^^^^^^^^^^^^^^^^^^^^^^^^^^^^^^^^^^^^^^^^^^^^^^^^^^^^^^^^^^^[0m
  [90m2 |[0m [36mimport[0m { getDashboardOverview } [36mfrom[0m [32m"@/lib/api"[0m;
  [90m3 |[0m [36mimport[0m [36mtype[0m { [33mDashboardOverview[0m } [36mfrom[0m [32m"@/lib/types"[0m;
  [90m4 |[0m

Import map: aliased to relative './src/components/dashboard-shell' inside of [project]/


https://nextjs.org/docs/messages/module-not-found


⨯ ./src/app/page.tsx:1:1
Module not found: Can't resolve '@/components/dashboard-shell'
[31m[1m>[0m [90m1 |[0m [36mimport[0m { [33mDashboardShell[0m } [36mfrom[0m [32m"@/components/dashboard-shell"[0m;
  [90m  |[0m [31m[1m^^^^^^^^^^^^^^^^^^^^^^^^^^^^^^^^^^^^^^^^^^^^^^^^^^^^^^^^^^^^^^[0m
  [90m2 |[0m [36mimport[0m { getDashboardOverview } [36mfrom[0m [32m"@/lib/api"[0m;
  [90m3 |[0m [36mimport[0m [36mtype[0m { [33mDashboardOverview[0m } [36mfrom[0m [32m"@/lib/types"[0m;
  [90m4 |[0m

Import map: aliased to relative './src/components/dashboard-shell' inside of [project]/


https://nextjs.org/docs/messages/module-not-found


⨯ ./src/app/page.tsx:1:1
Module not found: Can't resolve '@/components/dashboard-shell'
[31m[1m>[0m [90m1 |[0m [36mimport[0m { [33mDashboardShell[0m } [36mfrom[0m [32m"@/components/dashboard-shell"[0m;
  [90m  |[0m [31m[1m^^^^^^^^^^^^^^^^^^^^^^^^^^^^^^^^^^^^^^^^^^^^^^^^^^^^^^^^^^^^^^[0m
  [90m2 |[0m [36mimport[0m { getDashboardOverview } [36mfrom[0m [32m"@/lib/api"[0m;
  [90m3 |[0m [36mimport[0m [36mtype[0m { [33mDashboardOverview[0m } [36mfrom[0m [32m"@/lib/types"[0m;
  [90m4 |[0m

Import map: aliased to relative './src/components/dashboard-shell' inside of [project]/


https://nextjs.org/docs/messages/module-not-found


⨯ ./src/app/page.tsx:1:1
Module not found: Can't resolve '@/components/dashboard-shell'
[31m[1m>[0m [90m1 |[0m [36mimport[0m { [33mDashboardShell[0m } [36mfrom[0m [32m"@/components/dashboard-shell"[0m;
  [90m  |[0m [31m[1m^^^^^^^^^^^^^^^^^^^^^^^^^^^^^^^^^^^^^^^^^^^^^^^^^^^^^^^^^^^^^^[0m
  [90m2 |[0m [36mimport[0m { getDashboardOverview } [36mfrom[0m [32m"@/lib/api"[0m;
  [90m3 |[0m [36mimport[0m [36mtype[0m { [33mDashboardOverview[0m } [36mfrom[0m [32m"@/lib/types"[0m;
  [90m4 |[0m

Import map: aliased to relative './src/components/dashboard-shell' inside of [project]/


https://nextjs.org/docs/messages/module-not-found


⨯ ./src/app/page.tsx:1:1
Module not found: Can't resolve '@/components/dashboard-shell'
[31m[1m>[0m [90m1 |[0m [36mimport[0m { [33mDashboardShell[0m } [36mfrom[0m [32m"@/components/dashboard-shell"[0m;
  [90m  |[0m [31m[1m^^^^^^^^^^^^^^^^^^^^^^^^^^^^^^^^^^^^^^^^^^^^^^^^^^^^^^^^^^^^^^[0m
  [90m2 |[0m [36mimport[0m { getDashboardOverview } [36mfrom[0m [32m"@/lib/api"[0m;
  [90m3 |[0m [36mimport[0m [36mtype[0m { [33mDashboardOverview[0m } [36mfrom[0m [32m"@/lib/types"[0m;
  [90m4 |[0m

Import map: aliased to relative './src/components/dashboard-shell' inside of [project]/


https://nextjs.org/docs/messages/module-not-found


⨯ ./src/app/page.tsx:1:1
Module not found: Can't resolve '@/components/dashboard-shell'
[31m[1m>[0m [90m1 |[0m [36mimport[0m { [33mDashboardShell[0m } [36mfrom[0m [32m"@/components/dashboard-shell"[0m;
  [90m  |[0m [31m[1m^^^^^^^^^^^^^^^^^^^^^^^^^^^^^^^^^^^^^^^^^^^^^^^^^^^^^^^^^^^^^^[0m
  [90m2 |[0m [36mimport[0m { getDashboardOverview } [36mfrom[0m [32m"@/lib/api"[0m;
  [90m3 |[0m [36mimport[0m [36mtype[0m { [33mDashboardOverview[0m } [36mfrom[0m [32m"@/lib/types"[0m;
  [90m4 |[0m

Import map: aliased to relative './src/components/dashboard-shell' inside of [project]/


https://nextjs.org/docs/messages/module-not-found


⨯ ./src/app/page.tsx:1:1
Module not found: Can't resolve '@/components/dashboard-shell'
[31m[1m>[0m [90m1 |[0m [36mimport[0m { [33mDashboardShell[0m } [36mfrom[0m [32m"@/components/dashboard-shell"[0m;
  [90m  |[0m [31m[1m^^^^^^^^^^^^^^^^^^^^^^^^^^^^^^^^^^^^^^^^^^^^^^^^^^^^^^^^^^^^^^[0m
  [90m2 |[0m [36mimport[0m { getDashboardOverview } [36mfrom[0m [32m"@/lib/api"[0m;
  [90m3 |[0m [36mimport[0m [36mtype[0m { [33mDashboardOverview[0m } [36mfrom[0m [32m"@/lib/types"[0m;
  [90m4 |[0m

Import map: aliased to relative './src/components/dashboard-shell' inside of [project]/


https://nextjs.org/docs/messages/module-not-found


⨯ ./src/app/page.tsx:1:1
Module not found: Can't resolve '@/components/dashboard-shell'
[31m[1m>[0m [90m1 |[0m [36mimport[0m { [33mDashboardShell[0m } [36mfrom[0m [32m"@/components/dashboard-shell"[0m;
  [90m  |[0m [31m[1m^^^^^^^^^^^^^^^^^^^^^^^^^^^^^^^^^^^^^^^^^^^^^^^^^^^^^^^^^^^^^^[0m
  [90m2 |[0m [36mimport[0m { getDashboardOverview } [36mfrom[0m [32m"@/lib/api"[0m;
  [90m3 |[0m [36mimport[0m [36mtype[0m { [33mDashboardOverview[0m } [36mfrom[0m [32m"@/lib/types"[0m;
  [90m4 |[0m

Import map: aliased to relative './src/components/dashboard-shell' inside of [project]/


https://nextjs.org/docs/messages/module-not-found


⨯ ./src/app/page.tsx:1:1
Module not found: Can't resolve '@/components/dashboard-shell'
[31m[1m>[0m [90m1 |[0m [36mimport[0m { [33mDashboardShell[0m } [36mfrom[0m [32m"@/components/dashboard-shell"[0m;
  [90m  |[0m [31m[1m^^^^^^^^^^^^^^^^^^^^^^^^^^^^^^^^^^^^^^^^^^^^^^^^^^^^^^^^^^^^^^[0m
  [90m2 |[0m [36mimport[0m { getDashboardOverview } [36mfrom[0m [32m"@/lib/api"[0m;
  [90m3 |[0m [36mimport[0m [36mtype[0m { [33mDashboardOverview[0m } [36mfrom[0m [32m"@/lib/types"[0m;
  [90m4 |[0m

Import map: aliased to relative './src/components/dashboard-shell' inside of [project]/


https://nextjs.org/docs/messages/module-not-found


⨯ ./src/app/page.tsx:1:1
Module not found: Can't resolve '@/components/dashboard-shell'
[31m[1m>[0m [90m1 |[0m [36mimport[0m { [33mDashboardShell[0m } [36mfrom[0m [32m"@/components/dashboard-shell"[0m;
  [90m  |[0m [31m[1m^^^^^^^^^^^^^^^^^^^^^^^^^^^^^^^^^^^^^^^^^^^^^^^^^^^^^^^^^^^^^^[0m
  [90m2 |[0m [36mimport[0m { getDashboardOverview } [36mfrom[0m [32m"@/lib/api"[0m;
  [90m3 |[0m [36mimport[0m [36mtype[0m { [33mDashboardOverview[0m } [36mfrom[0m [32m"@/lib/types"[0m;
  [90m4 |[0m

Import map: aliased to relative './src/components/dashboard-shell' inside of [project]/


https://nextjs.org/docs/messages/module-not-found


⨯ ./src/app/page.tsx:1:1
Module not found: Can't resolve '@/components/dashboard-shell'
[31m[1m>[0m [90m1 |[0m [36mimport[0m { [33mDashboardShell[0m } [36mfrom[0m [32m"@/components/dashboard-shell"[0m;
  [90m  |[0m [31m[1m^^^^^^^^^^^^^^^^^^^^^^^^^^^^^^^^^^^^^^^^^^^^^^^^^^^^^^^^^^^^^^[0m
  [90m2 |[0m [36mimport[0m { getDashboardOverview } [36mfrom[0m [32m"@/lib/api"[0m;
  [90m3 |[0m [36mimport[0m [36mtype[0m { [33mDashboardOverview[0m } [36mfrom[0m [32m"@/lib/types"[0m;
  [90m4 |[0m

Import map: aliased to relative './src/components/dashboard-shell' inside of [project]/


https://nextjs.org/docs/messages/module-not-found


⨯ ./src/app/page.tsx:1:1
Module not found: Can't resolve '@/components/dashboard-shell'
[31m[1m>[0m [90m1 |[0m [36mimport[0m { [33mDashboardShell[0m } [36mfrom[0m [32m"@/components/dashboard-shell"[0m;
  [90m  |[0m [31m[1m^^^^^^^^^^^^^^^^^^^^^^^^^^^^^^^^^^^^^^^^^^^^^^^^^^^^^^^^^^^^^^[0m
  [90m2 |[0m [36mimport[0m { getDashboardOverview } [36mfrom[0m [32m"@/lib/api"[0m;
  [90m3 |[0m [36mimport[0m [36mtype[0m { [33mDashboardOverview[0m } [36mfrom[0m [32m"@/lib/types"[0m;
  [90m4 |[0m

Import map: aliased to relative './src/components/dashboard-shell' inside of [project]/


https://nextjs.org/docs/messages/module-not-found


⨯ ./src/app/page.tsx:1:1
Module not found: Can't resolve '@/components/dashboard-shell'
[31m[1m>[0m [90m1 |[0m [36mimport[0m { [33mDashboardShell[0m } [36mfrom[0m [32m"@/components/dashboard-shell"[0m;
  [90m  |[0m [31m[1m^^^^^^^^^^^^^^^^^^^^^^^^^^^^^^^^^^^^^^^^^^^^^^^^^^^^^^^^^^^^^^[0m
  [90m2 |[0m [36mimport[0m { getDashboardOverview } [36mfrom[0m [32m"@/lib/api"[0m;
  [90m3 |[0m [36mimport[0m [36mtype[0m { [33mDashboardOverview[0m } [36mfrom[0m [32m"@/lib/types"[0m;
  [90m4 |[0m

Import map: aliased to relative './src/components/dashboard-shell' inside of [project]/


https://nextjs.org/docs/messages/module-not-found


[browser] Uncaught Error: ./src/app/page.tsx:1:1
Module not found: Can't resolve '@/components/dashboard-shell'
> 1 | import { DashboardShell } from "@/components/dashboard-shell";
    | ^^^^^^^^^^^^^^^^^^^^^^^^^^^^^^^^^^^^^^^^^^^^^^^^^^^^^^^^^^^^^^
  2 | import { getDashboardOverview } from "@/lib/api";
  3 | import type { DashboardOverview } from "@/lib/types";
  4 |

Import map: aliased to relative './src/components/dashboard-shell' inside of [project]/


https://nextjs.org/docs/messages/module-not-found


    at <unknown> (Error: ./src/app/page.tsx:1:1)
    at <unknown> (https://nextjs.org/docs/messages/module-not-found)
    at <unknown> (Error: (./src/app/page.tsx:1:1)
    at <unknown> (https://nextjs.org/docs/messages/module-not-found)
[browser] Uncaught Error: ./src/app/page.tsx:1:1
Module not found: Can't resolve '@/components/dashboard-shell'
> 1 | import { DashboardShell } from "@/components/dashboard-shell";
    | ^^^^^^^^^^^^^^^^^^^^^^^^^^^^^^^^^^^^^^^^^^^^^^^^^^^^^^^^^^^^^^
  2 | import { getDashboardOverview } from "@/lib/api";
  3 | import type { DashboardOverview } from "@/lib/types";
  4 |

Import map: aliased to relative './src/components/dashboard-shell' inside of [project]/


https://nextjs.org/docs/messages/module-not-found


    at <unknown> (Error: ./src/app/page.tsx:1:1)
    at <unknown> (https://nextjs.org/docs/messages/module-not-found)
    at <unknown> (Error: (./src/app/page.tsx:1:1)
    at <unknown> (https://nextjs.org/docs/messages/module-not-found)
[browser] ./src/app/page.tsx:1:1
Module not found: Can't resolve '@/components/dashboard-shell'
> 1 | import { DashboardShell } from "@/components/dashboard-shell";
    | ^^^^^^^^^^^^^^^^^^^^^^^^^^^^^^^^^^^^^^^^^^^^^^^^^^^^^^^^^^^^^^
  2 | import { getDashboardOverview } from "@/lib/api";
  3 | import type { DashboardOverview } from "@/lib/types";
  4 |

Import map: aliased to relative './src/components/dashboard-shell' inside of [project]/

https://nextjs.org/docs/messages/module-not-found 
[browser] ./src/app/page.tsx:1:1
Module not found: Can't resolve '@/components/dashboard-shell'
> 1 | import { DashboardShell } from "@/components/dashboard-shell";
    | ^^^^^^^^^^^^^^^^^^^^^^^^^^^^^^^^^^^^^^^^^^^^^^^^^^^^^^^^^^^^^^
  2 | import { getDashboardOverview } from "@/lib/api";
  3 | import type { DashboardOverview } from "@/lib/types";
  4 |

Import map: aliased to relative './src/components/dashboard-shell' inside of [project]/

https://nextjs.org/docs/messages/module-not-found 
[browser] ./src/app/page.tsx:1:1
Module not found: Can't resolve '@/components/dashboard-shell'
> 1 | import { DashboardShell } from "@/components/dashboard-shell";
    | ^^^^^^^^^^^^^^^^^^^^^^^^^^^^^^^^^^^^^^^^^^^^^^^^^^^^^^^^^^^^^^
  2 | import { getDashboardOverview } from "@/lib/api";
  3 | import type { DashboardOverview } from "@/lib/types";
  4 |

Import map: aliased to relative './src/components/dashboard-shell' inside of [project]/

https://nextjs.org/docs/messages/module-not-found 
⨯ ./src/app/layout.tsx:4:1
Module not found: Can't resolve './globals.css'
  [90m2 |[0m [36mimport[0m { [33mIBM_Plex_Sans[0m, [33mSpace_Grotesk[0m } [36mfrom[0m [32m"next/font/google"[0m;
  [90m3 |[0m
[31m[1m>[0m [90m4 |[0m [36mimport[0m [32m"./globals.css"[0m;
  [90m  |[0m [31m[1m^^^^^^^^^^^^^^^^^^^^^^^[0m
  [90m5 |[0m
  [90m6 |[0m [36mconst[0m bodyFont = [33mIBM_Plex_Sans[0m({
  [90m7 |[0m   variable: [32m"--font-body"[0m,



https://nextjs.org/docs/messages/module-not-found


⨯ ./src/app/layout.tsx:4:1
Module not found: Can't resolve './globals.css'
  [90m2 |[0m [36mimport[0m { [33mIBM_Plex_Sans[0m, [33mSpace_Grotesk[0m } [36mfrom[0m [32m"next/font/google"[0m;
  [90m3 |[0m
[31m[1m>[0m [90m4 |[0m [36mimport[0m [32m"./globals.css"[0m;
  [90m  |[0m [31m[1m^^^^^^^^^^^^^^^^^^^^^^^[0m
  [90m5 |[0m
  [90m6 |[0m [36mconst[0m bodyFont = [33mIBM_Plex_Sans[0m({
  [90m7 |[0m   variable: [32m"--font-body"[0m,



https://nextjs.org/docs/messages/module-not-found


⨯ ./src/app/layout.tsx:4:1
Module not found: Can't resolve './globals.css'
  [90m2 |[0m [36mimport[0m { [33mIBM_Plex_Sans[0m, [33mSpace_Grotesk[0m } [36mfrom[0m [32m"next/font/google"[0m;
  [90m3 |[0m
[31m[1m>[0m [90m4 |[0m [36mimport[0m [32m"./globals.css"[0m;
  [90m  |[0m [31m[1m^^^^^^^^^^^^^^^^^^^^^^^[0m
  [90m5 |[0m
  [90m6 |[0m [36mconst[0m bodyFont = [33mIBM_Plex_Sans[0m({
  [90m7 |[0m   variable: [32m"--font-body"[0m,



https://nextjs.org/docs/messages/module-not-found


⨯ ./src/app/layout.tsx:4:1
Module not found: Can't resolve './globals.css'
  [90m2 |[0m [36mimport[0m { [33mIBM_Plex_Sans[0m, [33mSpace_Grotesk[0m } [36mfrom[0m [32m"next/font/google"[0m;
  [90m3 |[0m
[31m[1m>[0m [90m4 |[0m [36mimport[0m [32m"./globals.css"[0m;
  [90m  |[0m [31m[1m^^^^^^^^^^^^^^^^^^^^^^^[0m
  [90m5 |[0m
  [90m6 |[0m [36mconst[0m bodyFont = [33mIBM_Plex_Sans[0m({
  [90m7 |[0m   variable: [32m"--font-body"[0m,



https://nextjs.org/docs/messages/module-not-found


⨯ ./src/app/layout.tsx:4:1
Module not found: Can't resolve './globals.css'
  [90m2 |[0m [36mimport[0m { [33mIBM_Plex_Sans[0m, [33mSpace_Grotesk[0m } [36mfrom[0m [32m"next/font/google"[0m;
  [90m3 |[0m
[31m[1m>[0m [90m4 |[0m [36mimport[0m [32m"./globals.css"[0m;
  [90m  |[0m [31m[1m^^^^^^^^^^^^^^^^^^^^^^^[0m
  [90m5 |[0m
  [90m6 |[0m [36mconst[0m bodyFont = [33mIBM_Plex_Sans[0m({
  [90m7 |[0m   variable: [32m"--font-body"[0m,



https://nextjs.org/docs/messages/module-not-found


⨯ ./src/app/layout.tsx:4:1
Module not found: Can't resolve './globals.css'
  [90m2 |[0m [36mimport[0m { [33mIBM_Plex_Sans[0m, [33mSpace_Grotesk[0m } [36mfrom[0m [32m"next/font/google"[0m;
  [90m3 |[0m
[31m[1m>[0m [90m4 |[0m [36mimport[0m [32m"./globals.css"[0m;
  [90m  |[0m [31m[1m^^^^^^^^^^^^^^^^^^^^^^^[0m
  [90m5 |[0m
  [90m6 |[0m [36mconst[0m bodyFont = [33mIBM_Plex_Sans[0m({
  [90m7 |[0m   variable: [32m"--font-body"[0m,



https://nextjs.org/docs/messages/module-not-found


⨯ ./src/app/layout.tsx:4:1
Module not found: Can't resolve './globals.css'
  [90m2 |[0m [36mimport[0m { [33mIBM_Plex_Sans[0m, [33mSpace_Grotesk[0m } [36mfrom[0m [32m"next/font/google"[0m;
  [90m3 |[0m
[31m[1m>[0m [90m4 |[0m [36mimport[0m [32m"./globals.css"[0m;
  [90m  |[0m [31m[1m^^^^^^^^^^^^^^^^^^^^^^^[0m
  [90m5 |[0m
  [90m6 |[0m [36mconst[0m bodyFont = [33mIBM_Plex_Sans[0m({
  [90m7 |[0m   variable: [32m"--font-body"[0m,



https://nextjs.org/docs/messages/module-not-found


⨯ ./src/app/layout.tsx:4:1
Module not found: Can't resolve './globals.css'
  [90m2 |[0m [36mimport[0m { [33mIBM_Plex_Sans[0m, [33mSpace_Grotesk[0m } [36mfrom[0m [32m"next/font/google"[0m;
  [90m3 |[0m
[31m[1m>[0m [90m4 |[0m [36mimport[0m [32m"./globals.css"[0m;
  [90m  |[0m [31m[1m^^^^^^^^^^^^^^^^^^^^^^^[0m
  [90m5 |[0m
  [90m6 |[0m [36mconst[0m bodyFont = [33mIBM_Plex_Sans[0m({
  [90m7 |[0m   variable: [32m"--font-body"[0m,



https://nextjs.org/docs/messages/module-not-found


⨯ ./src/app/layout.tsx:4:1
Module not found: Can't resolve './globals.css'
  [90m2 |[0m [36mimport[0m { [33mIBM_Plex_Sans[0m, [33mSpace_Grotesk[0m } [36mfrom[0m [32m"next/font/google"[0m;
  [90m3 |[0m
[31m[1m>[0m [90m4 |[0m [36mimport[0m [32m"./globals.css"[0m;
  [90m  |[0m [31m[1m^^^^^^^^^^^^^^^^^^^^^^^[0m
  [90m5 |[0m
  [90m6 |[0m [36mconst[0m bodyFont = [33mIBM_Plex_Sans[0m({
  [90m7 |[0m   variable: [32m"--font-body"[0m,



https://nextjs.org/docs/messages/module-not-found


⨯ ./src/app/layout.tsx:4:1
Module not found: Can't resolve './globals.css'
  [90m2 |[0m [36mimport[0m { [33mIBM_Plex_Sans[0m, [33mSpace_Grotesk[0m } [36mfrom[0m [32m"next/font/google"[0m;
  [90m3 |[0m
[31m[1m>[0m [90m4 |[0m [36mimport[0m [32m"./globals.css"[0m;
  [90m  |[0m [31m[1m^^^^^^^^^^^^^^^^^^^^^^^[0m
  [90m5 |[0m
  [90m6 |[0m [36mconst[0m bodyFont = [33mIBM_Plex_Sans[0m({
  [90m7 |[0m   variable: [32m"--font-body"[0m,



https://nextjs.org/docs/messages/module-not-found


⨯ ./src/app/layout.tsx:4:1
Module not found: Can't resolve './globals.css'
  [90m2 |[0m [36mimport[0m { [33mIBM_Plex_Sans[0m, [33mSpace_Grotesk[0m } [36mfrom[0m [32m"next/font/google"[0m;
  [90m3 |[0m
[31m[1m>[0m [90m4 |[0m [36mimport[0m [32m"./globals.css"[0m;
  [90m  |[0m [31m[1m^^^^^^^^^^^^^^^^^^^^^^^[0m
  [90m5 |[0m
  [90m6 |[0m [36mconst[0m bodyFont = [33mIBM_Plex_Sans[0m({
  [90m7 |[0m   variable: [32m"--font-body"[0m,



https://nextjs.org/docs/messages/module-not-found


⨯ ./src/app/layout.tsx:4:1
Module not found: Can't resolve './globals.css'
  [90m2 |[0m [36mimport[0m { [33mIBM_Plex_Sans[0m, [33mSpace_Grotesk[0m } [36mfrom[0m [32m"next/font/google"[0m;
  [90m3 |[0m
[31m[1m>[0m [90m4 |[0m [36mimport[0m [32m"./globals.css"[0m;
  [90m  |[0m [31m[1m^^^^^^^^^^^^^^^^^^^^^^^[0m
  [90m5 |[0m
  [90m6 |[0m [36mconst[0m bodyFont = [33mIBM_Plex_Sans[0m({
  [90m7 |[0m   variable: [32m"--font-body"[0m,



https://nextjs.org/docs/messages/module-not-found


[browser] Uncaught Error: ./src/app/layout.tsx:4:1
Module not found: Can't resolve './globals.css'
  2 | import { IBM_Plex_Sans, Space_Grotesk } from "next/font/google";
  3 |
> 4 | import "./globals.css";
    | ^^^^^^^^^^^^^^^^^^^^^^^
  5 |
  6 | const bodyFont = IBM_Plex_Sans({
  7 |   variable: "--font-body",



https://nextjs.org/docs/messages/module-not-found


    at <unknown> (Error: ./src/app/layout.tsx:4:1)
    at <unknown> (https://nextjs.org/docs/messages/module-not-found)
    at <unknown> (Error: (./src/app/layout.tsx:4:1)
    at <unknown> (https://nextjs.org/docs/messages/module-not-found)
⨯ ./src/app/layout.tsx:4:1
Module not found: Can't resolve './globals.css'
  [90m2 |[0m [36mimport[0m { [33mIBM_Plex_Sans[0m, [33mSpace_Grotesk[0m } [36mfrom[0m [32m"next/font/google"[0m;
  [90m3 |[0m
[31m[1m>[0m [90m4 |[0m [36mimport[0m [32m"./globals.css"[0m;
  [90m  |[0m [31m[1m^^^^^^^^^^^^^^^^^^^^^^^[0m
  [90m5 |[0m
  [90m6 |[0m [36mconst[0m bodyFont = [33mIBM_Plex_Sans[0m({
  [90m7 |[0m   variable: [32m"--font-body"[0m,



https://nextjs.org/docs/messages/module-not-found


[browser] Uncaught Error: ./src/app/layout.tsx:4:1
Module not found: Can't resolve './globals.css'
  2 | import { IBM_Plex_Sans, Space_Grotesk } from "next/font/google";
  3 |
> 4 | import "./globals.css";
    | ^^^^^^^^^^^^^^^^^^^^^^^
  5 |
  6 | const bodyFont = IBM_Plex_Sans({
  7 |   variable: "--font-body",



https://nextjs.org/docs/messages/module-not-found


    at <unknown> (Error: ./src/app/layout.tsx:4:1)
    at <unknown> (https://nextjs.org/docs/messages/module-not-found)
    at <unknown> (Error: (./src/app/layout.tsx:4:1)
    at <unknown> (https://nextjs.org/docs/messages/module-not-found)
[browser] ./src/app/layout.tsx:4:1
Module not found: Can't resolve './globals.css'
  2 | import { IBM_Plex_Sans, Space_Grotesk } from "next/font/google";
  3 |
> 4 | import "./globals.css";
    | ^^^^^^^^^^^^^^^^^^^^^^^
  5 |
  6 | const bodyFont = IBM_Plex_Sans({
  7 |   variable: "--font-body",

https://nextjs.org/docs/messages/module-not-found 
[browser] ./src/app/layout.tsx:4:1
Module not found: Can't resolve './globals.css'
  2 | import { IBM_Plex_Sans, Space_Grotesk } from "next/font/google";
  3 |
> 4 | import "./globals.css";
    | ^^^^^^^^^^^^^^^^^^^^^^^
  5 |
  6 | const bodyFont = IBM_Plex_Sans({
  7 |   variable: "--font-body",

https://nextjs.org/docs/messages/module-not-found 
[browser] Maximum update depth exceeded. This can happen when a component calls setState inside useEffect, but useEffect either doesn't have a dependency array, or one of the dependencies changes on every render. 
    at DashboardShell.useEffectEvent[loadPeople] (src/components/dashboard-shell.tsx:148:5)
    at DashboardShell.useEffect (src/components/dashboard-shell.tsx:174:109)
  146 |     metrics: overview.metrics,
  147 |     filterOptions: emptyFilterOptions,
> 148 |     total: overview.recentPeople.length,
      |     ^
  149 |     page: 1,
  150 |     size: DEFAULT_PER_PAGE,
  151 |     totalPages: 1, (src/components/dashboard-shell.tsx:148:5)
[browser] Maximum update depth exceeded. This can happen when a component calls setState inside useEffect, but useEffect either doesn't have a dependency array, or one of the dependencies changes on every render. 
    at DashboardShell.useEffectEvent[loadPeople] (src/components/dashboard-shell.tsx:160:9)
  158 |   const deferredFilterSearchQuery = useDeferredValue(filterSearchQuery);
  159 |
> 160 |   const loadPeople = useEffectEvent(async () => {
      |         ^
  161 |     setIsLoading(true);
  162 |     setError(null);
  163 | (src/components/dashboard-shell.tsx:160:9)
