
> mihoja-dashboard@0.1.0 dev
> next dev --turbopack

▲ Next.js 16.2.0 (Turbopack)
- Local:         http://localhost:3000
- Network:       http://169.254.123.207:3000
✓ Ready in 1307ms

 GET / 200 in 458ms (next.js: 17ms, application-code: 441ms)
 GET / 200 in 1281ms (next.js: 305ms, application-code: 976ms)
 GET / 200 in 367ms (next.js: 11ms, application-code: 356ms)
 GET / 200 in 602ms (next.js: 17ms, application-code: 585ms)
 GET / 200 in 389ms (next.js: 13ms, application-code: 376ms)
 GET / 200 in 2.6s (next.js: 134ms, application-code: 2.4s)
 GET / 200 in 2.5s (next.js: 85ms, application-code: 2.4s)
 GET / 200 in 1928ms (next.js: 215ms, application-code: 1713ms)
 GET / 200 in 478ms (next.js: 169ms, application-code: 309ms)
 GET / 200 in 482ms (next.js: 260ms, application-code: 222ms)
 GET / 200 in 384ms (next.js: 246ms, application-code: 137ms)
 GET / 200 in 212ms (next.js: 7ms, application-code: 205ms)
✓ Compiled in 42ms
 GET / 200 in 464ms (next.js: 280ms, application-code: 184ms)
 GET / 200 in 89ms (next.js: 9ms, application-code: 80ms)
 GET / 200 in 301ms (next.js: 10ms, application-code: 291ms)
 GET / 200 in 225ms (next.js: 22ms, application-code: 203ms)
 GET / 200 in 158ms (next.js: 12ms, application-code: 146ms)
 GET / 200 in 159ms (next.js: 61ms, application-code: 97ms)
 GET / 200 in 77ms (next.js: 6ms, application-code: 71ms)
✓ Compiled in 141ms
✓ Compiled in 37ms
✓ Compiled in 55ms
✓ Compiled in 124ms
✓ Compiled in 34ms
 GET / 200 in 749ms (next.js: 202ms, application-code: 546ms)
 GET /api/notifications 200 in 1175ms (next.js: 963ms, application-code: 212ms)
✓ Compiled in 296ms
 GET / 500 in 977ms (next.js: 547ms, application-code: 430ms)
 GET / 500 in 982ms (next.js: 912ms, application-code: 70ms)
 GET / 500 in 192ms (next.js: 98ms, application-code: 94ms)
 GET / 500 in 235ms (next.js: 141ms, application-code: 95ms)
 GET / 500 in 234ms (next.js: 174ms, application-code: 60ms)
 GET / 500 in 347ms (next.js: 170ms, application-code: 177ms)
 GET / 500 in 333ms (next.js: 266ms, application-code: 67ms)
✓ Compiled in 453ms
 GET / 200 in 667ms (next.js: 463ms, application-code: 204ms)
 GET / 200 in 1001ms (next.js: 57ms, application-code: 944ms)
 GET / 200 in 1007ms (next.js: 7ms, application-code: 1000ms)
✓ Compiled in 109ms
 GET / 500 in 231ms (next.js: 179ms, application-code: 52ms)
 GET / 500 in 118ms (next.js: 83ms, application-code: 34ms)
 GET / 500 in 76ms (next.js: 30ms, application-code: 46ms)
 GET / 500 in 32ms (next.js: 12ms, application-code: 19ms)
✓ Compiled in 74ms
 GET / 200 in 1434ms (next.js: 287ms, application-code: 1147ms)
 GET / 200 in 1436ms (next.js: 367ms, application-code: 1070ms)
✓ Compiled in 102ms
 GET / 200 in 1100ms (next.js: 296ms, application-code: 804ms)
 GET / 200 in 1095ms (next.js: 459ms, application-code: 635ms)
 GET / 200 in 426ms (next.js: 89ms, application-code: 336ms)
 GET / 200 in 221ms (next.js: 14ms, application-code: 207ms)
 GET / 200 in 354ms (next.js: 11ms, application-code: 343ms)
 GET / 200 in 534ms (next.js: 21ms, application-code: 513ms)
 GET / 200 in 424ms (next.js: 78ms, application-code: 346ms)
 GET / 200 in 503ms (next.js: 15ms, application-code: 489ms)
 GET / 200 in 1396ms (next.js: 19ms, application-code: 1376ms)
 GET / 200 in 951ms (next.js: 24ms, application-code: 927ms)
 GET / 200 in 1177ms (next.js: 106ms, application-code: 1070ms)
✓ Compiled in 285ms
 GET / 200 in 480ms (next.js: 225ms, application-code: 255ms)
 GET / 200 in 85ms (next.js: 21ms, application-code: 64ms)
 GET / 200 in 144ms (next.js: 6ms, application-code: 137ms)
 GET / 200 in 225ms (next.js: 9ms, application-code: 216ms)
✓ Compiled in 36ms
 GET / 200 in 558ms (next.js: 8ms, application-code: 549ms)
 GET /api/notifications 200 in 458ms (next.js: 86ms, application-code: 372ms)
 GET /api/notifications 200 in 187ms (next.js: 4ms, application-code: 183ms)
